// Jest Snapshot v1, https://goo.gl/fbAQLP

exports[`cloudWatcEventhLambdaWrapper should call "onError" handler 1`] = `undefined`;

exports[`cloudWatcEventhLambdaWrapper should call "onSucces" handler 1`] = `undefined`;
