// Jest Snapshot v1, https://goo.gl/fbAQLP

exports[`sqsLambdaWrapper should call "onError" handler 1`] = `undefined`;

exports[`sqsLambdaWrapper should call "onSucces" handler 1`] = `undefined`;
